{
    "status": 319,
    "message": "Cette carte est pÃ©rimÃ©e, vous devez la changer"
}