{
    "status": 302,
    "message": "Un paramÃ¨tre requis est manquant ou invalide"
}