{
    "status": 200,
    "response": {
        "card": true
    }
}