{
    "status": 200,
    "response": {
        "card": false
    }
}