{
    "status": 312,
    "message": "NumÃ©ro de carte invalide"
}