{
    "status": 303,
    "message": "Carte invalide"
}