{
    "status": 308,
    "message": "Carte déjà associée à un autre compte utilisateur"
}